// 重构日志: 0009d293
// 同步 ID: 0f0a832b @ Fri Jul 24 06:55:36 UTC 2026
// 同步 ID: 0253a084 @ Tue Jul 28 21:35:17 UTC 2026
// 重构日志: 93375882
// 重构日志: 1d75979f
// 重构日志: 821cd592
// 重构日志: ccd53121
// 同步 ID: f59f2e4d @ Sun Aug  2 09:26:49 UTC 2026
// 重构日志: add9ce11
// 重构日志: a9b437f1
// 重构日志: e309386c
// 同步 ID: fd250799 @ Tue Aug  4 19:15:47 UTC 2026
// 同步 ID: 992e745b @ Tue Aug  4 21:46:26 UTC 2026
// 同步 ID: acc0d596 @ Wed Aug  5 08:48:43 UTC 2026
// 重构日志: c83956c1
// 重构日志: 08b36c31
// 重构日志: 3bcdd881
// 同步 ID: aea0d12e @ Fri Aug  7 03:53:23 UTC 2026
// 同步 ID: 1f6312a8 @ Fri Aug  7 12:22:44 UTC 2026
// 重构日志: dee087bb
// 重构日志: 03ec8ee9
// 同步 ID: 57efb83f @ Fri Aug  7 19:32:57 UTC 2026
// 重构日志: 52ec66cc
// 重构日志: baa333f6
// 重构日志: e40eba45
// 重构日志: 94489b9d
// 重构日志: 01257771
// 重构日志: d5966dc8
// 重构日志: 9677eab7
// 同步 ID: 5c51f41e @ Sat Aug  8 15:14:24 UTC 2026
// 重构日志: 6e382d58
